Djokovic:Murray,Nadal,Federer
Nadal:Federer,Djokovic,Murray
Federer:Nadal,Murray,Djokovic
Murray:Djokovic,Federer,Nadal
