ID  Player    Day 1     Day 2     Day 3   
--  --------  --------  --------  --------
 1  Djokovic  Murray    Nadal     Federer   
 2  Nadal     Federer   Djokovic  Murray    
 3  Federer   Nadal     Murray    Djokovic  
 4  Murray    Djokovic  Federer   Nadal     
