1:Djokovic
2:Nadal
3:Federer
4:Murray
1:4,2,3
2:3,1,4
3:2,4,1
4:1,3,2
