ID  Player    Day 1   Day 2   Day 3
--  --------  ------  ------  ------
 1  Djokovic  4       2       3      
 2  Nadal     3       1       4      
 3  Federer   2       4       1      
 4  Murray    1       3       2      
